<html>
<body>
<pre>
<h1>µVision Build Log</h1>
<h2>Tool Versions:</h2>
IDE-Version: ¦ÌVision V5.32.0.0
Copyright (C) 2020 ARM Ltd and ARM Germany GmbH. All rights reserved.
License Information: cccc phosense, cccc, LIC=BUURY-IZ4N7-BS6YX-H1QE2-4SU49-2HYG2
 
Tool Versions:
Toolchain:       MDK-ARM Plus  Version: 5.32.0.0
Toolchain Path:  d:\Keil_v5\ARM\ARMCC\Bin
C Compiler:      Armcc.exe V5.06 update 7 (build 960)
Assembler:       Armasm.exe V5.06 update 7 (build 960)
Linker/Locator:  ArmLink.exe V5.06 update 7 (build 960)
Library Manager: ArmAr.exe V5.06 update 7 (build 960)
Hex Converter:   FromElf.exe V5.06 update 7 (build 960)
CPU DLL:         SARMCM3.DLL V5.32.0.0
Dialog DLL:      DCM.DLL V1.17.3.0
Target DLL:      STLink\ST-LINKIII-KEIL_SWO.dll V3.0.8.0
Dialog DLL:      TCM.DLL V1.46.0.0
 
<h2>Project:</h2>
D:\cccc2020\CODE\human_detect\stm32handC5_411CEU6\MDK-ARM\stm32handC5_411CEU6.uvprojx
Project File Date:  11/13/2020

<h2>Output:</h2>
*** Using Compiler 'V5.06 update 7 (build 960)', folder: 'd:\Keil_v5\ARM\ARMCC\Bin'
Rebuild target 'stm32handC5_411CEU6'
assembling startup_stm32f411xe.s...
compiling stm32f4xx_hal_msp.c...
compiling gpio.c...
compiling usart.c...
compiling crc.c...
compiling stm32f4xx_it.c...
compiling adc.c...
compiling main.c...
compiling auto_trip_50hz.c...
compiling delay.c...
compiling stm32f4xx_hal_crc.c...
compiling timer.c...
compiling sys.c...
compiling led.c...
compiling stm32f4xx_hal_rcc_ex.c...
compiling stm32f4xx_hal_rcc.c...
compiling stm32f4xx_hal_flash.c...
compiling stm32f4xx_hal_gpio.c...
compiling stm32f4xx_hal_flash_ramfunc.c...
compiling stm32f4xx_hal_pwr.c...
compiling stm32f4xx_hal_flash_ex.c...
compiling stm32f4xx_hal_dma.c...
compiling stm32f4xx_hal_dma_ex.c...
compiling stm32f4xx_hal_pwr_ex.c...
compiling stm32f4xx_hal_cortex.c...
compiling stm32f4xx_hal_tim_ex.c...
compiling stm32f4xx_hal.c...
compiling stm32f4xx_hal_exti.c...
compiling stm32f4xx_hal_adc.c...
compiling stm32f4xx_hal_uart.c...
compiling stm32f4xx_hal_tim.c...
compiling stm32f4xx_hal_adc_ex.c...
compiling system_stm32f4xx.c...
linking...
Program Size: Code=16384 RO-data=64336 RW-data=40 ZI-data=57728  
FromELF: creating hex file...
"stm32handC5_411CEU6\stm32handC5_411CEU6.axf" - 0 Error(s), 0 Warning(s).

<h2>Software Packages used:</h2>

Package Vendor: ARM
                http://www.keil.com/pack/ARM.CMSIS.5.7.0.pack
                ARM.CMSIS.5.7.0
                CMSIS (Cortex Microcontroller Software Interface Standard)
   * Component: CORE Version: 5.4.0

Package Vendor: Keil
                http://www.keil.com/pack/Keil.STM32F4xx_DFP.2.15.0.pack
                Keil.STM32F4xx_DFP.2.15.0
                STMicroelectronics STM32F4 Series Device Support, Drivers and Examples

<h2>Collection of Component include folders:</h2>
  .\RTE\_stm32handC5_411CEU6
  d:\Keil_v5\Arm\Packs\ARM\CMSIS\5.7.0\CMSIS\Core\Include
  d:\Keil_v5\Arm\Packs\Keil\STM32F4xx_DFP\2.15.0\Drivers\CMSIS\Device\ST\STM32F4xx\Include

<h2>Collection of Component Files used:</h2>

   * Component: ARM::CMSIS:CORE:5.4.0
Build Time Elapsed:  00:00:18
</pre>
</body>
</html>
